src/App.tsx(1,8): error TS6133: 'React' is declared but its value is never read.
src/lib/db.ts(10,3): error TS6133: 'where' is declared but its value is never read.
src/store/useAuthStore.ts(4,3): error TS6133: 'signInWithEmailAndPassword' is declared but its value is never read.
src/store/useAuthStore.ts(5,3): error TS6133: 'createUserWithEmailAndPassword' is declared but its value is never read.
src/store/useUserStore.ts(2,10): error TS6133: 'UsersDB' is declared but its value is never read.
src/store/useUserStore.ts(4,1): error TS6192: All imports in import declaration are unused.
src/store/useUserStore.ts(13,53): error TS6133: 'get' is declared but its value is never read.
